[dotenv@17.2.3] injecting env (3) from .env -- tip: ΓÜÖ∩╕Å  enable debug logging with { debug: true }
Using Key: Present
node : gemini-pro 
failed: 
[GoogleGenerativeAI 
Error]: Error fetching 
from https://generativela
nguage.googleapis.com/v1b
eta/models/gemini-pro:gen
erateContent: [404 Not 
Found] models/gemini-pro 
is not found for API 
version v1beta, or is 
not supported for 
generateContent. Call 
ListModels to see the 
list of available models 
and their supported 
methods.
At line:1 char:1
+ node test_models.js > 
test_output.txt 2>&1
+ ~~~~~~~~~~~~~~~~~~~~~~~
~~~~~~~~~~~~~~~~~~~
    + CategoryInfo       
       : NotSpecified:   
  (gemini-pro fail...p   
 orted methods.:Strin    
g) [], RemoteExcepti    
on
    + FullyQualifiedErro 
   rId : NativeCommandE  
  rror
 
gemini-1.5-flash failed: 
[GoogleGenerativeAI 
Error]: Error fetching 
from https://generativela
nguage.googleapis.com/v1b
eta/models/gemini-1.5-fla
sh:generateContent: [404 
Not Found] 
models/gemini-1.5-flash 
is not found for API 
version v1beta, or is 
not supported for 
generateContent. Call 
ListModels to see the 
list of available models 
and their supported 
methods.
Testing gemini-1.5-pro...
gemini-1.5-pro failed: 
[GoogleGenerativeAI 
Error]: Error fetching 
from https://generativela
nguage.googleapis.com/v1b
eta/models/gemini-1.5-pro
:generateContent: [404 
Not Found] 
models/gemini-1.5-pro is 
not found for API 
version v1beta, or is 
not supported for 
generateContent. Call 
ListModels to see the 
list of available models 
and their supported 
methods.
Testing gemini-1.0-pro...
gemini-1.0-pro failed: 
[GoogleGenerativeAI 
Error]: Error fetching 
from https://generativela
nguage.googleapis.com/v1b
eta/models/gemini-1.0-pro
:generateContent: [404 
Not Found] 
models/gemini-1.0-pro is 
not found for API 
version v1beta, or is 
not supported for 
generateContent. Call 
ListModels to see the 
list of available models 
and their supported 
methods.
